Refreshing checks status every 30 seconds. Press Ctrl+C to quit.

build	pending	0	https://github.com/Daan298261/Jarvis/actions/runs/38089240701/job/114322076359	
pytest	pending	0	https://github.com/Daan298261/Jarvis/actions/runs/38089240692/job/114322076374	
frontend-build	pass	19s	https://github.com/Daan298261/Jarvis/actions/runs/38089240692/job/114322076351	
installer-compile	pass	14s	https://github.com/Daan298261/Jarvis/actions/runs/38089240692/job/114322076304	
Refreshing checks status every 30 seconds. Press Ctrl+C to quit.

build	pending	0	https://github.com/Daan298261/Jarvis/actions/runs/38089240701/job/114322076359	
pytest	pending	0	https://github.com/Daan298261/Jarvis/actions/runs/38089240692/job/114322076374	
frontend-build	pass	19s	https://github.com/Daan298261/Jarvis/actions/runs/38089240692/job/114322076351	
installer-compile	pass	14s	https://github.com/Daan298261/Jarvis/actions/runs/38089240692/job/114322076304	
Refreshing checks status every 30 seconds. Press Ctrl+C to quit.

build	pending	0	https://github.com/Daan298261/Jarvis/actions/runs/38089240701/job/114322076359	
pytest	pending	0	https://github.com/Daan298261/Jarvis/actions/runs/38089240692/job/114322076374	
frontend-build	pass	19s	https://github.com/Daan298261/Jarvis/actions/runs/38089240692/job/114322076351	
installer-compile	pass	14s	https://github.com/Daan298261/Jarvis/actions/runs/38089240692/job/114322076304	
Refreshing checks status every 30 seconds. Press Ctrl+C to quit.

build	pending	0	https://github.com/Daan298261/Jarvis/actions/runs/38089240701/job/114322076359	
pytest	pending	0	https://github.com/Daan298261/Jarvis/actions/runs/38089240692/job/114322076374	
frontend-build	pass	19s	https://github.com/Daan298261/Jarvis/actions/runs/38089240692/job/114322076351	
installer-compile	pass	14s	https://github.com/Daan298261/Jarvis/actions/runs/38089240692/job/114322076304	
Refreshing checks status every 30 seconds. Press Ctrl+C to quit.

build	pending	0	https://github.com/Daan298261/Jarvis/actions/runs/38089240701/job/114322076359	
pytest	pending	0	https://github.com/Daan298261/Jarvis/actions/runs/38089240692/job/114322076374	
frontend-build	pass	19s	https://github.com/Daan298261/Jarvis/actions/runs/38089240692/job/114322076351	
installer-compile	pass	14s	https://github.com/Daan298261/Jarvis/actions/runs/38089240692/job/114322076304	
Refreshing checks status every 30 seconds. Press Ctrl+C to quit.

build	pending	0	https://github.com/Daan298261/Jarvis/actions/runs/38089240701/job/114322076359	
pytest	pending	0	https://github.com/Daan298261/Jarvis/actions/runs/38089240692/job/114322076374	
frontend-build	pass	19s	https://github.com/Daan298261/Jarvis/actions/runs/38089240692/job/114322076351	
installer-compile	pass	14s	https://github.com/Daan298261/Jarvis/actions/runs/38089240692/job/114322076304	
Refreshing checks status every 30 seconds. Press Ctrl+C to quit.

build	pending	0	https://github.com/Daan298261/Jarvis/actions/runs/38089240701/job/114322076359	
pytest	pending	0	https://github.com/Daan298261/Jarvis/actions/runs/38089240692/job/114322076374	
frontend-build	pass	19s	https://github.com/Daan298261/Jarvis/actions/runs/38089240692/job/114322076351	
installer-compile	pass	14s	https://github.com/Daan298261/Jarvis/actions/runs/38089240692/job/114322076304	
Refreshing checks status every 30 seconds. Press Ctrl+C to quit.

build	pending	0	https://github.com/Daan298261/Jarvis/actions/runs/38089240701/job/114322076359	
pytest	pending	0	https://github.com/Daan298261/Jarvis/actions/runs/38089240692/job/114322076374	
frontend-build	pass	19s	https://github.com/Daan298261/Jarvis/actions/runs/38089240692/job/114322076351	
installer-compile	pass	14s	https://github.com/Daan298261/Jarvis/actions/runs/38089240692/job/114322076304	
Refreshing checks status every 30 seconds. Press Ctrl+C to quit.

build	pending	0	https://github.com/Daan298261/Jarvis/actions/runs/38089519320/job/114322897207	
frontend-build	pending	0	https://github.com/Daan298261/Jarvis/actions/runs/38089519324/job/114322897566	
installer-compile	pending	0	https://github.com/Daan298261/Jarvis/actions/runs/38089519324/job/114322897478	
pytest	pending	0	https://github.com/Daan298261/Jarvis/actions/runs/38089519324/job/114322897395	
Refreshing checks status every 30 seconds. Press Ctrl+C to quit.

build	pending	0	https://github.com/Daan298261/Jarvis/actions/runs/38089519320/job/114322897207	
pytest	pending	0	https://github.com/Daan298261/Jarvis/actions/runs/38089519324/job/114322897395	
frontend-build	pass	20s	https://github.com/Daan298261/Jarvis/actions/runs/38089519324/job/114322897566	
installer-compile	pass	20s	https://github.com/Daan298261/Jarvis/actions/runs/38089519324/job/114322897478	
Refreshing checks status every 30 seconds. Press Ctrl+C to quit.

build	pending	0	https://github.com/Daan298261/Jarvis/actions/runs/38089519320/job/114322897207	
pytest	pending	0	https://github.com/Daan298261/Jarvis/actions/runs/38089519324/job/114322897395	
frontend-build	pass	20s	https://github.com/Daan298261/Jarvis/actions/runs/38089519324/job/114322897566	
installer-compile	pass	20s	https://github.com/Daan298261/Jarvis/actions/runs/38089519324/job/114322897478	
Refreshing checks status every 30 seconds. Press Ctrl+C to quit.

build	pending	0	https://github.com/Daan298261/Jarvis/actions/runs/38089519320/job/114322897207	
pytest	pending	0	https://github.com/Daan298261/Jarvis/actions/runs/38089519324/job/114322897395	
frontend-build	pass	20s	https://github.com/Daan298261/Jarvis/actions/runs/38089519324/job/114322897566	
installer-compile	pass	20s	https://github.com/Daan298261/Jarvis/actions/runs/38089519324/job/114322897478	
Refreshing checks status every 30 seconds. Press Ctrl+C to quit.

build	pending	0	https://github.com/Daan298261/Jarvis/actions/runs/38089519320/job/114322897207	
pytest	pending	0	https://github.com/Daan298261/Jarvis/actions/runs/38089519324/job/114322897395	
frontend-build	pass	20s	https://github.com/Daan298261/Jarvis/actions/runs/38089519324/job/114322897566	
installer-compile	pass	20s	https://github.com/Daan298261/Jarvis/actions/runs/38089519324/job/114322897478	
Refreshing checks status every 30 seconds. Press Ctrl+C to quit.

build	pending	0	https://github.com/Daan298261/Jarvis/actions/runs/38089519320/job/114322897207	
pytest	pending	0	https://github.com/Daan298261/Jarvis/actions/runs/38089519324/job/114322897395	
frontend-build	pass	20s	https://github.com/Daan298261/Jarvis/actions/runs/38089519324/job/114322897566	
installer-compile	pass	20s	https://github.com/Daan298261/Jarvis/actions/runs/38089519324/job/114322897478	
Refreshing checks status every 30 seconds. Press Ctrl+C to quit.

build	pending	0	https://github.com/Daan298261/Jarvis/actions/runs/38089519320/job/114322897207	
pytest	pending	0	https://github.com/Daan298261/Jarvis/actions/runs/38089519324/job/114322897395	
frontend-build	pass	20s	https://github.com/Daan298261/Jarvis/actions/runs/38089519324/job/114322897566	
installer-compile	pass	20s	https://github.com/Daan298261/Jarvis/actions/runs/38089519324/job/114322897478	
Refreshing checks status every 30 seconds. Press Ctrl+C to quit.

build	pending	0	https://github.com/Daan298261/Jarvis/actions/runs/38089519320/job/114322897207	
pytest	pending	0	https://github.com/Daan298261/Jarvis/actions/runs/38089519324/job/114322897395	
frontend-build	pass	20s	https://github.com/Daan298261/Jarvis/actions/runs/38089519324/job/114322897566	
installer-compile	pass	20s	https://github.com/Daan298261/Jarvis/actions/runs/38089519324/job/114322897478	
Refreshing checks status every 30 seconds. Press Ctrl+C to quit.

build	pending	0	https://github.com/Daan298261/Jarvis/actions/runs/38089519320/job/114322897207	
pytest	pending	0	https://github.com/Daan298261/Jarvis/actions/runs/38089519324/job/114322897395	
frontend-build	pass	20s	https://github.com/Daan298261/Jarvis/actions/runs/38089519324/job/114322897566	
installer-compile	pass	20s	https://github.com/Daan298261/Jarvis/actions/runs/38089519324/job/114322897478	
Refreshing checks status every 30 seconds. Press Ctrl+C to quit.

build	pending	0	https://github.com/Daan298261/Jarvis/actions/runs/38089519320/job/114322897207	
pytest	pending	0	https://github.com/Daan298261/Jarvis/actions/runs/38089519324/job/114322897395	
frontend-build	pass	20s	https://github.com/Daan298261/Jarvis/actions/runs/38089519324/job/114322897566	
installer-compile	pass	20s	https://github.com/Daan298261/Jarvis/actions/runs/38089519324/job/114322897478	
Refreshing checks status every 30 seconds. Press Ctrl+C to quit.

build	pending	0	https://github.com/Daan298261/Jarvis/actions/runs/38089519320/job/114322897207	
pytest	pending	0	https://github.com/Daan298261/Jarvis/actions/runs/38089519324/job/114322897395	
frontend-build	pass	20s	https://github.com/Daan298261/Jarvis/actions/runs/38089519324/job/114322897566	
installer-compile	pass	20s	https://github.com/Daan298261/Jarvis/actions/runs/38089519324/job/114322897478	
Refreshing checks status every 30 seconds. Press Ctrl+C to quit.

build	pending	0	https://github.com/Daan298261/Jarvis/actions/runs/38089519320/job/114322897207	
pytest	pending	0	https://github.com/Daan298261/Jarvis/actions/runs/38089519324/job/114322897395	
frontend-build	pass	20s	https://github.com/Daan298261/Jarvis/actions/runs/38089519324/job/114322897566	
installer-compile	pass	20s	https://github.com/Daan298261/Jarvis/actions/runs/38089519324/job/114322897478	
Refreshing checks status every 30 seconds. Press Ctrl+C to quit.

build	pending	0	https://github.com/Daan298261/Jarvis/actions/runs/38089519320/job/114322897207	
frontend-build	pass	20s	https://github.com/Daan298261/Jarvis/actions/runs/38089519324/job/114322897566	
installer-compile	pass	20s	https://github.com/Daan298261/Jarvis/actions/runs/38089519324/job/114322897478	
pytest	pass	6m3s	https://github.com/Daan298261/Jarvis/actions/runs/38089519324/job/114322897395	
Refreshing checks status every 30 seconds. Press Ctrl+C to quit.

build	pending	0	https://github.com/Daan298261/Jarvis/actions/runs/38089519320/job/114322897207	
frontend-build	pass	20s	https://github.com/Daan298261/Jarvis/actions/runs/38089519324/job/114322897566	
installer-compile	pass	20s	https://github.com/Daan298261/Jarvis/actions/runs/38089519324/job/114322897478	
pytest	pass	6m3s	https://github.com/Daan298261/Jarvis/actions/runs/38089519324/job/114322897395	
Refreshing checks status every 30 seconds. Press Ctrl+C to quit.

build	pending	0	https://github.com/Daan298261/Jarvis/actions/runs/38089519320/job/114322897207	
frontend-build	pass	20s	https://github.com/Daan298261/Jarvis/actions/runs/38089519324/job/114322897566	
installer-compile	pass	20s	https://github.com/Daan298261/Jarvis/actions/runs/38089519324/job/114322897478	
pytest	pass	6m3s	https://github.com/Daan298261/Jarvis/actions/runs/38089519324/job/114322897395	
Refreshing checks status every 30 seconds. Press Ctrl+C to quit.

build	pending	0	https://github.com/Daan298261/Jarvis/actions/runs/38089519320/job/114322897207	
frontend-build	pass	20s	https://github.com/Daan298261/Jarvis/actions/runs/38089519324/job/114322897566	
installer-compile	pass	20s	https://github.com/Daan298261/Jarvis/actions/runs/38089519324/job/114322897478	
pytest	pass	6m3s	https://github.com/Daan298261/Jarvis/actions/runs/38089519324/job/114322897395	
build	pass	8m0s	https://github.com/Daan298261/Jarvis/actions/runs/38089519320/job/114322897207	
frontend-build	pass	20s	https://github.com/Daan298261/Jarvis/actions/runs/38089519324/job/114322897566	
installer-compile	pass	20s	https://github.com/Daan298261/Jarvis/actions/runs/38089519324/job/114322897478	
pytest	pass	6m3s	https://github.com/Daan298261/Jarvis/actions/runs/38089519324/job/114322897395	
build	pass	8m0s	https://github.com/Daan298261/Jarvis/actions/runs/38089519320/job/114322897207	
frontend-build	pass	20s	https://github.com/Daan298261/Jarvis/actions/runs/38089519324/job/114322897566	
installer-compile	pass	20s	https://github.com/Daan298261/Jarvis/actions/runs/38089519324/job/114322897478	
pytest	pass	6m3s	https://github.com/Daan298261/Jarvis/actions/runs/38089519324/job/114322897395	
